This is pdfTeX, Version 3.14159265-2.6-1.40.21 (MiKTeX 20.6.29) (preloaded format=pdflatex 2020.10.11)  29 JAN 2025 11:17
entering extended mode
**"./Overview of ML.tex"
("Overview of ML.tex"
LaTeX2e <2020-02-02> patch level 5
L3 programming layer <2020-06-18>
("C:\Users\Graham West\AppData\Local\Programs\MiKTeX\tex/latex/beamer\beamer.cl
s"
Document Class: beamer 2020/07/22 v3.59 A class for typesetting presentations

("C:\Users\Graham West\AppData\Local\Programs\MiKTeX\tex/latex/beamer\beamerbas
emodes.sty"
("C:\Users\Graham West\AppData\Local\Programs\MiKTeX\tex/latex/etoolbox\etoolbo
x.sty"
Package: etoolbox 2019/09/21 v2.5h e-TeX tools for LaTeX (JAW)
\etb@tempcnta=\count167
)
\beamer@tempbox=\box45
\beamer@tempcount=\count168
\c@beamerpauses=\count169

("C:\Users\Graham West\AppData\Local\Programs\MiKTeX\tex/latex/beamer\beamerbas
edecode.sty"
\beamer@slideinframe=\count170
\beamer@minimum=\count171
\beamer@decode@box=\box46
)
\beamer@commentbox=\box47
\beamer@modecount=\count172
)
("C:\Users\Graham West\AppData\Local\Programs\MiKTeX\tex/generic/iftex\ifpdf.st
y"
Package: ifpdf 2019/10/25 v3.4 ifpdf legacy package. Use iftex instead.

("C:\Users\Graham West\AppData\Local\Programs\MiKTeX\tex/generic/iftex\iftex.st
y"
Package: iftex 2020/03/06 v1.0d TeX engine tests
))
\headdp=\dimen134
\footheight=\dimen135
\sidebarheight=\dimen136
\beamer@tempdim=\dimen137
\beamer@finalheight=\dimen138
\beamer@animht=\dimen139
\beamer@animdp=\dimen140
\beamer@animwd=\dimen141
\beamer@leftmargin=\dimen142
\beamer@rightmargin=\dimen143
\beamer@leftsidebar=\dimen144
\beamer@rightsidebar=\dimen145
\beamer@boxsize=\dimen146
\beamer@vboxoffset=\dimen147
\beamer@descdefault=\dimen148
\beamer@descriptionwidth=\dimen149
\beamer@lastskip=\skip47
\beamer@areabox=\box48
\beamer@animcurrent=\box49
\beamer@animshowbox=\box50
\beamer@sectionbox=\box51
\beamer@logobox=\box52
\beamer@linebox=\box53
\beamer@sectioncount=\count173
\beamer@subsubsectionmax=\count174
\beamer@subsectionmax=\count175
\beamer@sectionmax=\count176
\beamer@totalheads=\count177
\beamer@headcounter=\count178
\beamer@partstartpage=\count179
\beamer@sectionstartpage=\count180
\beamer@subsectionstartpage=\count181
\beamer@animationtempa=\count182
\beamer@animationtempb=\count183
\beamer@xpos=\count184
\beamer@ypos=\count185
\beamer@ypos@offset=\count186
\beamer@showpartnumber=\count187
\beamer@currentsubsection=\count188
\beamer@coveringdepth=\count189
\beamer@sectionadjust=\count190
\beamer@tocsectionnumber=\count191

("C:\Users\Graham West\AppData\Local\Programs\MiKTeX\tex/latex/beamer\beamerbas
eoptions.sty"
("C:\Users\Graham West\AppData\Local\Programs\MiKTeX\tex/latex/graphics\keyval.
sty"
Package: keyval 2014/10/28 v1.15 key=value parser (DPC)
\KV@toks@=\toks15
))
\beamer@paperwidth=\skip48
\beamer@paperheight=\skip49

("C:\Users\Graham West\AppData\Local\Programs\MiKTeX\tex/latex/geometry\geometr
y.sty"
Package: geometry 2020/01/02 v5.9 Page Geometry

("C:\Users\Graham West\AppData\Local\Programs\MiKTeX\tex/generic/iftex\ifvtex.s
ty"
Package: ifvtex 2019/10/25 v1.7 ifvtex legacy package. Use iftex instead.
)
\Gm@cnth=\count192
\Gm@cntv=\count193
\c@Gm@tempcnt=\count194
\Gm@bindingoffset=\dimen150
\Gm@wd@mp=\dimen151
\Gm@odd@mp=\dimen152
\Gm@even@mp=\dimen153
\Gm@layoutwidth=\dimen154
\Gm@layoutheight=\dimen155
\Gm@layouthoffset=\dimen156
\Gm@layoutvoffset=\dimen157
\Gm@dimlist=\toks16

("C:\Users\Graham West\AppData\Local\Programs\MiKTeX\tex/latex/geometry\geometr
y.cfg"))
("C:\Users\Graham West\AppData\Local\Programs\MiKTeX\tex/latex/base\size11.clo"
File: size11.clo 2019/12/20 v1.4l Standard LaTeX file (size option)
)
("C:\Users\Graham West\AppData\Local\Programs\MiKTeX\tex/latex/pgf/basiclayer\p
gfcore.sty"
("C:\Users\Graham West\AppData\Local\Programs\MiKTeX\tex/latex/graphics\graphic
x.sty"
Package: graphicx 2019/11/30 v1.2a Enhanced LaTeX Graphics (DPC,SPQR)

("C:\Users\Graham West\AppData\Local\Programs\MiKTeX\tex/latex/graphics\graphic
s.sty"
Package: graphics 2019/11/30 v1.4a Standard LaTeX Graphics (DPC,SPQR)

("C:\Users\Graham West\AppData\Local\Programs\MiKTeX\tex/latex/graphics\trig.st
y"
Package: trig 2016/01/03 v1.10 sin cos tan (DPC)
)
("C:\Users\Graham West\AppData\Local\Programs\MiKTeX\tex/latex/graphics-cfg\gra
phics.cfg"
File: graphics.cfg 2016/06/04 v1.11 sample graphics configuration
)
Package graphics Info: Driver file: pdftex.def on input line 105.

("C:\Users\Graham West\AppData\Local\Programs\MiKTeX\tex/latex/graphics-def\pdf
tex.def"
File: pdftex.def 2018/01/08 v1.0l Graphics/color driver for pdftex
))
\Gin@req@height=\dimen158
\Gin@req@width=\dimen159
)
("C:\Users\Graham West\AppData\Local\Programs\MiKTeX\tex/latex/pgf/systemlayer\
pgfsys.sty"
("C:\Users\Graham West\AppData\Local\Programs\MiKTeX\tex/latex/pgf/utilities\pg
frcs.sty"
("C:\Users\Graham West\AppData\Local\Programs\MiKTeX\tex/generic/pgf/utilities\
pgfutil-common.tex"
\pgfutil@everybye=\toks17
\pgfutil@tempdima=\dimen160
\pgfutil@tempdimb=\dimen161

("C:\Users\Graham West\AppData\Local\Programs\MiKTeX\tex/generic/pgf/utilities\
pgfutil-common-lists.tex"))
("C:\Users\Graham West\AppData\Local\Programs\MiKTeX\tex/generic/pgf/utilities\
pgfutil-latex.def"
\pgfutil@abb=\box54

("C:\Users\Graham West\AppData\Local\Programs\MiKTeX\tex/latex/ms\everyshi.sty"
Package: everyshi 2001/05/15 v3.00 EveryShipout Package (MS)
))
("C:\Users\Graham West\AppData\Local\Programs\MiKTeX\tex/generic/pgf/utilities\
pgfrcs.code.tex"
("C:\Users\Graham West\AppData\Local\Programs\MiKTeX\tex/generic/pgf\pgf.revisi
on.tex")
Package: pgfrcs 2020/01/08 v3.1.5b (3.1.5b)
))
("C:\Users\Graham West\AppData\Local\Programs\MiKTeX\tex/generic/pgf/systemlaye
r\pgfsys.code.tex"
Package: pgfsys 2020/01/08 v3.1.5b (3.1.5b)

("C:\Users\Graham West\AppData\Local\Programs\MiKTeX\tex/generic/pgf/utilities\
pgfkeys.code.tex"
\pgfkeys@pathtoks=\toks18
\pgfkeys@temptoks=\toks19

("C:\Users\Graham West\AppData\Local\Programs\MiKTeX\tex/generic/pgf/utilities\
pgfkeysfiltered.code.tex"
\pgfkeys@tmptoks=\toks20
))
\pgf@x=\dimen162
\pgf@y=\dimen163
\pgf@xa=\dimen164
\pgf@ya=\dimen165
\pgf@xb=\dimen166
\pgf@yb=\dimen167
\pgf@xc=\dimen168
\pgf@yc=\dimen169
\pgf@xd=\dimen170
\pgf@yd=\dimen171
\w@pgf@writea=\write3
\r@pgf@reada=\read2
\c@pgf@counta=\count195
\c@pgf@countb=\count196
\c@pgf@countc=\count197
\c@pgf@countd=\count198
\t@pgf@toka=\toks21
\t@pgf@tokb=\toks22
\t@pgf@tokc=\toks23
\pgf@sys@id@count=\count199

("C:\Users\Graham West\AppData\Local\Programs\MiKTeX\tex/generic/pgf/systemlaye
r\pgf.cfg"
File: pgf.cfg 2020/01/08 v3.1.5b (3.1.5b)
)
Driver file for pgf: pgfsys-pdftex.def

("C:\Users\Graham West\AppData\Local\Programs\MiKTeX\tex/generic/pgf/systemlaye
r\pgfsys-pdftex.def"
File: pgfsys-pdftex.def 2020/01/08 v3.1.5b (3.1.5b)

("C:\Users\Graham West\AppData\Local\Programs\MiKTeX\tex/generic/pgf/systemlaye
r\pgfsys-common-pdf.def"
File: pgfsys-common-pdf.def 2020/01/08 v3.1.5b (3.1.5b)
)))
("C:\Users\Graham West\AppData\Local\Programs\MiKTeX\tex/generic/pgf/systemlaye
r\pgfsyssoftpath.code.tex"
File: pgfsyssoftpath.code.tex 2020/01/08 v3.1.5b (3.1.5b)
\pgfsyssoftpath@smallbuffer@items=\count266
\pgfsyssoftpath@bigbuffer@items=\count267
)
("C:\Users\Graham West\AppData\Local\Programs\MiKTeX\tex/generic/pgf/systemlaye
r\pgfsysprotocol.code.tex"
File: pgfsysprotocol.code.tex 2020/01/08 v3.1.5b (3.1.5b)
))
("C:\Users\Graham West\AppData\Local\Programs\MiKTeX\tex/latex/xcolor\xcolor.st
y"
Package: xcolor 2016/05/11 v2.12 LaTeX color extensions (UK)

("C:\Users\Graham West\AppData\Local\Programs\MiKTeX\tex/latex/graphics-cfg\col
or.cfg"
File: color.cfg 2016/01/02 v1.6 sample color configuration
)
Package xcolor Info: Driver file: pdftex.def on input line 225.
Package xcolor Info: Model `cmy' substituted by `cmy0' on input line 1348.
Package xcolor Info: Model `hsb' substituted by `rgb' on input line 1352.
Package xcolor Info: Model `RGB' extended on input line 1364.
Package xcolor Info: Model `HTML' substituted by `rgb' on input line 1366.
Package xcolor Info: Model `Hsb' substituted by `hsb' on input line 1367.
Package xcolor Info: Model `tHsb' substituted by `hsb' on input line 1368.
Package xcolor Info: Model `HSB' substituted by `hsb' on input line 1369.
Package xcolor Info: Model `Gray' substituted by `gray' on input line 1370.
Package xcolor Info: Model `wave' substituted by `hsb' on input line 1371.
)
("C:\Users\Graham West\AppData\Local\Programs\MiKTeX\tex/generic/pgf/basiclayer
\pgfcore.code.tex"
Package: pgfcore 2020/01/08 v3.1.5b (3.1.5b)

("C:\Users\Graham West\AppData\Local\Programs\MiKTeX\tex/generic/pgf/math\pgfma
th.code.tex"
("C:\Users\Graham West\AppData\Local\Programs\MiKTeX\tex/generic/pgf/math\pgfma
thcalc.code.tex"
("C:\Users\Graham West\AppData\Local\Programs\MiKTeX\tex/generic/pgf/math\pgfma
thutil.code.tex")
("C:\Users\Graham West\AppData\Local\Programs\MiKTeX\tex/generic/pgf/math\pgfma
thparser.code.tex"
\pgfmath@dimen=\dimen172
\pgfmath@count=\count268
\pgfmath@box=\box55
\pgfmath@toks=\toks24
\pgfmath@stack@operand=\toks25
\pgfmath@stack@operation=\toks26
)
("C:\Users\Graham West\AppData\Local\Programs\MiKTeX\tex/generic/pgf/math\pgfma
thfunctions.code.tex"
("C:\Users\Graham West\AppData\Local\Programs\MiKTeX\tex/generic/pgf/math\pgfma
thfunctions.basic.code.tex")
("C:\Users\Graham West\AppData\Local\Programs\MiKTeX\tex/generic/pgf/math\pgfma
thfunctions.trigonometric.code.tex")
("C:\Users\Graham West\AppData\Local\Programs\MiKTeX\tex/generic/pgf/math\pgfma
thfunctions.random.code.tex")
("C:\Users\Graham West\AppData\Local\Programs\MiKTeX\tex/generic/pgf/math\pgfma
thfunctions.comparison.code.tex")
("C:\Users\Graham West\AppData\Local\Programs\MiKTeX\tex/generic/pgf/math\pgfma
thfunctions.base.code.tex")
("C:\Users\Graham West\AppData\Local\Programs\MiKTeX\tex/generic/pgf/math\pgfma
thfunctions.round.code.tex")
("C:\Users\Graham West\AppData\Local\Programs\MiKTeX\tex/generic/pgf/math\pgfma
thfunctions.misc.code.tex")
("C:\Users\Graham West\AppData\Local\Programs\MiKTeX\tex/generic/pgf/math\pgfma
thfunctions.integerarithmetics.code.tex")))
("C:\Users\Graham West\AppData\Local\Programs\MiKTeX\tex/generic/pgf/math\pgfma
thfloat.code.tex"
\c@pgfmathroundto@lastzeros=\count269
))
("C:\Users\Graham West\AppData\Local\Programs\MiKTeX\tex/generic/pgf/math\pgfin
t.code.tex")
("C:\Users\Graham West\AppData\Local\Programs\MiKTeX\tex/generic/pgf/basiclayer
\pgfcorepoints.code.tex"
File: pgfcorepoints.code.tex 2020/01/08 v3.1.5b (3.1.5b)
\pgf@picminx=\dimen173
\pgf@picmaxx=\dimen174
\pgf@picminy=\dimen175
\pgf@picmaxy=\dimen176
\pgf@pathminx=\dimen177
\pgf@pathmaxx=\dimen178
\pgf@pathminy=\dimen179
\pgf@pathmaxy=\dimen180
\pgf@xx=\dimen181
\pgf@xy=\dimen182
\pgf@yx=\dimen183
\pgf@yy=\dimen184
\pgf@zx=\dimen185
\pgf@zy=\dimen186
)
("C:\Users\Graham West\AppData\Local\Programs\MiKTeX\tex/generic/pgf/basiclayer
\pgfcorepathconstruct.code.tex"
File: pgfcorepathconstruct.code.tex 2020/01/08 v3.1.5b (3.1.5b)
\pgf@path@lastx=\dimen187
\pgf@path@lasty=\dimen188
)
("C:\Users\Graham West\AppData\Local\Programs\MiKTeX\tex/generic/pgf/basiclayer
\pgfcorepathusage.code.tex"
File: pgfcorepathusage.code.tex 2020/01/08 v3.1.5b (3.1.5b)
\pgf@shorten@end@additional=\dimen189
\pgf@shorten@start@additional=\dimen190
)
("C:\Users\Graham West\AppData\Local\Programs\MiKTeX\tex/generic/pgf/basiclayer
\pgfcorescopes.code.tex"
File: pgfcorescopes.code.tex 2020/01/08 v3.1.5b (3.1.5b)
\pgfpic=\box56
\pgf@hbox=\box57
\pgf@layerbox@main=\box58
\pgf@picture@serial@count=\count270
)
("C:\Users\Graham West\AppData\Local\Programs\MiKTeX\tex/generic/pgf/basiclayer
\pgfcoregraphicstate.code.tex"
File: pgfcoregraphicstate.code.tex 2020/01/08 v3.1.5b (3.1.5b)
\pgflinewidth=\dimen191
)
("C:\Users\Graham West\AppData\Local\Programs\MiKTeX\tex/generic/pgf/basiclayer
\pgfcoretransformations.code.tex"
File: pgfcoretransformations.code.tex 2020/01/08 v3.1.5b (3.1.5b)
\pgf@pt@x=\dimen192
\pgf@pt@y=\dimen193
\pgf@pt@temp=\dimen194
)
("C:\Users\Graham West\AppData\Local\Programs\MiKTeX\tex/generic/pgf/basiclayer
\pgfcorequick.code.tex"
File: pgfcorequick.code.tex 2020/01/08 v3.1.5b (3.1.5b)
)
("C:\Users\Graham West\AppData\Local\Programs\MiKTeX\tex/generic/pgf/basiclayer
\pgfcoreobjects.code.tex"
File: pgfcoreobjects.code.tex 2020/01/08 v3.1.5b (3.1.5b)
)
("C:\Users\Graham West\AppData\Local\Programs\MiKTeX\tex/generic/pgf/basiclayer
\pgfcorepathprocessing.code.tex"
File: pgfcorepathprocessing.code.tex 2020/01/08 v3.1.5b (3.1.5b)
)
("C:\Users\Graham West\AppData\Local\Programs\MiKTeX\tex/generic/pgf/basiclayer
\pgfcorearrows.code.tex"
File: pgfcorearrows.code.tex 2020/01/08 v3.1.5b (3.1.5b)
\pgfarrowsep=\dimen195
)
("C:\Users\Graham West\AppData\Local\Programs\MiKTeX\tex/generic/pgf/basiclayer
\pgfcoreshade.code.tex"
File: pgfcoreshade.code.tex 2020/01/08 v3.1.5b (3.1.5b)
\pgf@max=\dimen196
\pgf@sys@shading@range@num=\count271
\pgf@shadingcount=\count272
)
("C:\Users\Graham West\AppData\Local\Programs\MiKTeX\tex/generic/pgf/basiclayer
\pgfcoreimage.code.tex"
File: pgfcoreimage.code.tex 2020/01/08 v3.1.5b (3.1.5b)

("C:\Users\Graham West\AppData\Local\Programs\MiKTeX\tex/generic/pgf/basiclayer
\pgfcoreexternal.code.tex"
File: pgfcoreexternal.code.tex 2020/01/08 v3.1.5b (3.1.5b)
\pgfexternal@startupbox=\box59
))
("C:\Users\Graham West\AppData\Local\Programs\MiKTeX\tex/generic/pgf/basiclayer
\pgfcorelayers.code.tex"
File: pgfcorelayers.code.tex 2020/01/08 v3.1.5b (3.1.5b)
)
("C:\Users\Graham West\AppData\Local\Programs\MiKTeX\tex/generic/pgf/basiclayer
\pgfcoretransparency.code.tex"
File: pgfcoretransparency.code.tex 2020/01/08 v3.1.5b (3.1.5b)
)
("C:\Users\Graham West\AppData\Local\Programs\MiKTeX\tex/generic/pgf/basiclayer
\pgfcorepatterns.code.tex"
File: pgfcorepatterns.code.tex 2020/01/08 v3.1.5b (3.1.5b)
)
("C:\Users\Graham West\AppData\Local\Programs\MiKTeX\tex/generic/pgf/basiclayer
\pgfcorerdf.code.tex"
File: pgfcorerdf.code.tex 2020/01/08 v3.1.5b (3.1.5b)
)))
("C:\Users\Graham West\AppData\Local\Programs\MiKTeX\tex/latex/pgf/utilities\xx
color.sty"
Package: xxcolor 2003/10/24 ver 0.1
\XC@nummixins=\count273
\XC@countmixins=\count274
)
("C:\Users\Graham West\AppData\Local\Programs\MiKTeX\tex/generic/atbegshi\atbeg
shi.sty"
Package: atbegshi 2019/12/05 v1.19 At begin shipout hook (HO)

("C:\Users\Graham West\AppData\Local\Programs\MiKTeX\tex/generic/infwarerr\infw
arerr.sty"
Package: infwarerr 2019/12/03 v1.5 Providing info/warning/error messages (HO)
)
("C:\Users\Graham West\AppData\Local\Programs\MiKTeX\tex/generic/ltxcmds\ltxcmd
s.sty"
Package: ltxcmds 2020-05-10 v1.25 LaTeX kernel commands for general use (HO)
))
("C:\Users\Graham West\AppData\Local\Programs\MiKTeX\tex/latex/hyperref\hyperre
f.sty"
Package: hyperref 2020-05-15 v7.00e Hypertext links for LaTeX

("C:\Users\Graham West\AppData\Local\Programs\MiKTeX\tex/generic/pdftexcmds\pdf
texcmds.sty"
Package: pdftexcmds 2020-06-27 v0.33 Utility functions of pdfTeX for LuaTeX (HO
)
Package pdftexcmds Info: \pdf@primitive is available.
Package pdftexcmds Info: \pdf@ifprimitive is available.
Package pdftexcmds Info: \pdfdraftmode found.
)
("C:\Users\Graham West\AppData\Local\Programs\MiKTeX\tex/generic/kvsetkeys\kvse
tkeys.sty"
Package: kvsetkeys 2019/12/15 v1.18 Key value parser (HO)
)
("C:\Users\Graham West\AppData\Local\Programs\MiKTeX\tex/generic/kvdefinekeys\k
vdefinekeys.sty"
Package: kvdefinekeys 2019-12-19 v1.6 Define keys (HO)
)
("C:\Users\Graham West\AppData\Local\Programs\MiKTeX\tex/generic/pdfescape\pdfe
scape.sty"
Package: pdfescape 2019/12/09 v1.15 Implements pdfTeX's escape features (HO)
)
("C:\Users\Graham West\AppData\Local\Programs\MiKTeX\tex/latex/hycolor\hycolor.
sty"
Package: hycolor 2020-01-27 v1.10 Color options for hyperref/bookmark (HO)
)
("C:\Users\Graham West\AppData\Local\Programs\MiKTeX\tex/latex/letltxmacro\letl
txmacro.sty"
Package: letltxmacro 2019/12/03 v1.6 Let assignment for LaTeX macros (HO)
)
("C:\Users\Graham West\AppData\Local\Programs\MiKTeX\tex/latex/auxhook\auxhook.
sty"
Package: auxhook 2019-12-17 v1.6 Hooks for auxiliary files (HO)
)
("C:\Users\Graham West\AppData\Local\Programs\MiKTeX\tex/latex/kvoptions\kvopti
ons.sty"
Package: kvoptions 2019/11/29 v3.13 Key value format for package options (HO)
)
\@linkdim=\dimen197
\Hy@linkcounter=\count275
\Hy@pagecounter=\count276

("C:\Users\Graham West\AppData\Local\Programs\MiKTeX\tex/latex/hyperref\pd1enc.
def"
File: pd1enc.def 2020-05-15 v7.00e Hyperref: PDFDocEncoding definition (HO)
Now handling font encoding PD1 ...
... no UTF-8 mapping file for font encoding PD1
)
("C:\Users\Graham West\AppData\Local\Programs\MiKTeX\tex/generic/intcalc\intcal
c.sty"
Package: intcalc 2019/12/15 v1.3 Expandable calculations with integers (HO)
)
("C:\Users\Graham West\AppData\Local\Programs\MiKTeX\tex/generic/etexcmds\etexc
mds.sty"
Package: etexcmds 2019/12/15 v1.7 Avoid name clashes with e-TeX commands (HO)
)
\Hy@SavedSpaceFactor=\count277
Package hyperref Info: Option `bookmarks' set `true' on input line 4338.
Package hyperref Info: Option `bookmarksopen' set `true' on input line 4338.
Package hyperref Info: Option `implicit' set `false' on input line 4338.
Package hyperref Info: Hyper figures OFF on input line 4464.
Package hyperref Info: Link nesting OFF on input line 4469.
Package hyperref Info: Hyper index ON on input line 4472.
Package hyperref Info: Plain pages OFF on input line 4479.
Package hyperref Info: Backreferencing OFF on input line 4484.
Package hyperref Info: Implicit mode OFF; no redefinition of LaTeX internals.
Package hyperref Info: Bookmarks ON on input line 4717.
\c@Hy@tempcnt=\count278

("C:\Users\Graham West\AppData\Local\Programs\MiKTeX\tex/latex/url\url.sty"
\Urlmuskip=\muskip16
Package: url 2013/09/16  ver 3.4  Verb mode for urls, etc.
)
LaTeX Info: Redefining \url on input line 5076.
\XeTeXLinkMargin=\dimen198

("C:\Users\Graham West\AppData\Local\Programs\MiKTeX\tex/generic/bitset\bitset.
sty"
Package: bitset 2019/12/09 v1.3 Handle bit-vector datatype (HO)

("C:\Users\Graham West\AppData\Local\Programs\MiKTeX\tex/generic/bigintcalc\big
intcalc.sty"
Package: bigintcalc 2019/12/15 v1.5 Expandable calculations on big integers (HO
)
))
\Fld@menulength=\count279
\Field@Width=\dimen199
\Fld@charsize=\dimen256
Package hyperref Info: Hyper figures OFF on input line 6347.
Package hyperref Info: Link nesting OFF on input line 6352.
Package hyperref Info: Hyper index ON on input line 6355.
Package hyperref Info: backreferencing OFF on input line 6362.
Package hyperref Info: Link coloring OFF on input line 6367.
Package hyperref Info: Link coloring with OCG OFF on input line 6372.
Package hyperref Info: PDF/A mode OFF on input line 6377.
LaTeX Info: Redefining \ref on input line 6417.
LaTeX Info: Redefining \pageref on input line 6421.
\Hy@abspage=\count280


Package hyperref Message: Stopped early.

)
Package hyperref Info: Driver (autodetected): hpdftex.

("C:\Users\Graham West\AppData\Local\Programs\MiKTeX\tex/latex/hyperref\hpdftex
.def"
File: hpdftex.def 2020-05-15 v7.00e Hyperref driver for pdfTeX

("C:\Users\Graham West\AppData\Local\Programs\MiKTeX\tex/latex/atveryend\atvery
end.sty"
Package: atveryend 2019-12-11 v1.11 Hooks at the very end of document (HO)
)
\Fld@listcount=\count281
\c@bookmark@seq@number=\count282

("C:\Users\Graham West\AppData\Local\Programs\MiKTeX\tex/latex/rerunfilecheck\r
erunfilecheck.sty"
Package: rerunfilecheck 2019/12/05 v1.9 Rerun checks for auxiliary files (HO)

("C:\Users\Graham West\AppData\Local\Programs\MiKTeX\tex/generic/uniquecounter\
uniquecounter.sty"
Package: uniquecounter 2019/12/15 v1.4 Provide unlimited unique counter (HO)
)
Package uniquecounter Info: New unique counter `rerunfilecheck' on input line 2
86.
))
("C:\Users\Graham West\AppData\Local\Programs\MiKTeX\tex/latex/beamer\beamerbas
erequires.sty"
("C:\Users\Graham West\AppData\Local\Programs\MiKTeX\tex/latex/beamer\beamerbas
ecompatibility.sty")
("C:\Users\Graham West\AppData\Local\Programs\MiKTeX\tex/latex/beamer\beamerbas
efont.sty"
("C:\Users\Graham West\AppData\Local\Programs\MiKTeX\tex/latex/amsfonts\amssymb
.sty"
Package: amssymb 2013/01/14 v3.01 AMS font symbols

("C:\Users\Graham West\AppData\Local\Programs\MiKTeX\tex/latex/amsfonts\amsfont
s.sty"
Package: amsfonts 2013/01/14 v3.01 Basic AMSFonts support
\@emptytoks=\toks27
\symAMSa=\mathgroup4
\symAMSb=\mathgroup5
LaTeX Font Info:    Redeclaring math symbol \hbar on input line 98.
LaTeX Font Info:    Overwriting math alphabet `\mathfrak' in version `bold'
(Font)                  U/euf/m/n --> U/euf/b/n on input line 106.
))
("C:\Users\Graham West\AppData\Local\Programs\MiKTeX\tex/latex/sansmathaccent\s
ansmathaccent.sty"
Package: sansmathaccent 2020/01/31

("C:\Users\Graham West\AppData\Local\Programs\MiKTeX\tex/latex/koma-script\scrl
file.sty"
Package: scrlfile 2020/09/21 v3.32 KOMA-Script package (file load hooks)

("C:\Users\Graham West\AppData\Local\Programs\MiKTeX\tex/latex/koma-script\scrl
file-patcholdlatex.sty"
Package: scrlfile-patcholdlatex 2020/09/21 v3.32 KOMA-Script package (patching 
old LaTeX kernels)

("C:\Users\Graham West\AppData\Local\Programs\MiKTeX\tex/latex/koma-script\scrl
ogo.sty"
Package: scrlogo 2020/09/21 v3.32 KOMA-Script package (logo)
))
("C:\Users\Graham West\AppData\Local\Programs\MiKTeX\tex/latex/l3packages/xpars
e\xparse.sty"
("C:\Users\Graham West\AppData\Local\Programs\MiKTeX\tex/latex/l3kernel\expl3.s
ty"
Package: expl3 2020-06-18 L3 programming layer (loader) 

("C:\Users\Graham West\AppData\Local\Programs\MiKTeX\tex/latex/l3backend\l3back
end-pdfmode.def"
File: l3backend-pdfmode.def 2020-06-29 L3 backend support: PDF mode
\l__kernel_color_stack_int=\count283
\l__pdf_internal_box=\box60
))
Package: xparse 2020-05-15 L3 Experimental document command parser

("C:\Users\Graham West\AppData\Local\Programs\MiKTeX\tex/latex/l3packages/xpars
e\xparse-generic.tex"
\l__xparse_current_arg_int=\count284
\g__xparse_grabber_int=\count285
\l__xparse_m_args_int=\count286
\l__xparse_v_nesting_int=\count287
)))))
("C:\Users\Graham West\AppData\Local\Programs\MiKTeX\tex/latex/beamer\beamerbas
etranslator.sty"
("C:\Users\Graham West\AppData\Local\Programs\MiKTeX\tex/latex/translator\trans
lator.sty"
Package: translator 2020-08-03 v1.12c Easy translation of strings in LaTeX
))
("C:\Users\Graham West\AppData\Local\Programs\MiKTeX\tex/latex/beamer\beamerbas
emisc.sty")
("C:\Users\Graham West\AppData\Local\Programs\MiKTeX\tex/latex/beamer\beamerbas
etwoscreens.sty")
("C:\Users\Graham West\AppData\Local\Programs\MiKTeX\tex/latex/beamer\beamerbas
eoverlay.sty"
\beamer@argscount=\count288
\beamer@lastskipcover=\skip50
\beamer@trivlistdepth=\count289
)
("C:\Users\Graham West\AppData\Local\Programs\MiKTeX\tex/latex/beamer\beamerbas
etitle.sty")
("C:\Users\Graham West\AppData\Local\Programs\MiKTeX\tex/latex/beamer\beamerbas
esection.sty"
\c@lecture=\count290
\c@part=\count291
\c@section=\count292
\c@subsection=\count293
\c@subsubsection=\count294
)
("C:\Users\Graham West\AppData\Local\Programs\MiKTeX\tex/latex/beamer\beamerbas
eframe.sty"
\beamer@framebox=\box61
\beamer@frametitlebox=\box62
\beamer@zoombox=\box63
\beamer@zoomcount=\count295
\beamer@zoomframecount=\count296
\beamer@frametextheight=\dimen257
\c@subsectionslide=\count297
\beamer@frametopskip=\skip51
\beamer@framebottomskip=\skip52
\beamer@frametopskipautobreak=\skip53
\beamer@framebottomskipautobreak=\skip54
\beamer@envbody=\toks28
\framewidth=\dimen258
\c@framenumber=\count298
)
("C:\Users\Graham West\AppData\Local\Programs\MiKTeX\tex/latex/beamer\beamerbas
everbatim.sty"
\beamer@verbatimfileout=\write4
)
("C:\Users\Graham West\AppData\Local\Programs\MiKTeX\tex/latex/beamer\beamerbas
eframesize.sty"
\beamer@splitbox=\box64
\beamer@autobreakcount=\count299
\beamer@autobreaklastheight=\dimen259
\beamer@frametitletoks=\toks29
\beamer@framesubtitletoks=\toks30
)
("C:\Users\Graham West\AppData\Local\Programs\MiKTeX\tex/latex/beamer\beamerbas
eframecomponents.sty"
\beamer@footins=\box65
)
("C:\Users\Graham West\AppData\Local\Programs\MiKTeX\tex/latex/beamer\beamerbas
ecolor.sty")
("C:\Users\Graham West\AppData\Local\Programs\MiKTeX\tex/latex/beamer\beamerbas
enotes.sty"
\beamer@frameboxcopy=\box66
)
("C:\Users\Graham West\AppData\Local\Programs\MiKTeX\tex/latex/beamer\beamerbas
etoc.sty")
("C:\Users\Graham West\AppData\Local\Programs\MiKTeX\tex/latex/beamer\beamerbas
etemplates.sty"
\beamer@sbttoks=\toks31

("C:\Users\Graham West\AppData\Local\Programs\MiKTeX\tex/latex/beamer\beamerbas
eauxtemplates.sty"
("C:\Users\Graham West\AppData\Local\Programs\MiKTeX\tex/latex/beamer\beamerbas
eboxes.sty"
\bmb@box=\box67
\bmb@colorbox=\box68
\bmb@boxshadow=\box69
\bmb@boxshadowball=\box70
\bmb@boxshadowballlarge=\box71
\bmb@temp=\dimen260
\bmb@dima=\dimen261
\bmb@dimb=\dimen262
\bmb@prevheight=\dimen263
)
\beamer@blockheadheight=\dimen264
))
("C:\Users\Graham West\AppData\Local\Programs\MiKTeX\tex/latex/beamer\beamerbas
elocalstructure.sty"
("C:\Users\Graham West\AppData\Local\Programs\MiKTeX\tex/latex/tools\enumerate.
sty"
Package: enumerate 2015/07/23 v3.00 enumerate extensions (DPC)
\@enLab=\toks32
)
\c@figure=\count300
\c@table=\count301
\abovecaptionskip=\skip55
\belowcaptionskip=\skip56
)
("C:\Users\Graham West\AppData\Local\Programs\MiKTeX\tex/latex/beamer\beamerbas
enavigation.sty"
\beamer@section@min@dim=\dimen265
)
("C:\Users\Graham West\AppData\Local\Programs\MiKTeX\tex/latex/beamer\beamerbas
etheorems.sty"
("C:\Users\Graham West\AppData\Local\Programs\MiKTeX\tex/latex/amsmath\amsmath.
sty"
Package: amsmath 2020/01/20 v2.17e AMS math features
\@mathmargin=\skip57

For additional information on amsmath, use the `?' option.

("C:\Users\Graham West\AppData\Local\Programs\MiKTeX\tex/latex/amsmath\amstext.
sty"
Package: amstext 2000/06/29 v2.01 AMS text

("C:\Users\Graham West\AppData\Local\Programs\MiKTeX\tex/latex/amsmath\amsgen.s
ty"
File: amsgen.sty 1999/11/30 v2.0 generic functions
\@emptytoks=\toks33
\ex@=\dimen266
))
("C:\Users\Graham West\AppData\Local\Programs\MiKTeX\tex/latex/amsmath\amsbsy.s
ty"
Package: amsbsy 1999/11/29 v1.2d Bold Symbols
\pmbraise@=\dimen267
)
("C:\Users\Graham West\AppData\Local\Programs\MiKTeX\tex/latex/amsmath\amsopn.s
ty"
Package: amsopn 2016/03/08 v2.02 operator names
)
\inf@bad=\count302
LaTeX Info: Redefining \frac on input line 227.
\uproot@=\count303
\leftroot@=\count304
LaTeX Info: Redefining \overline on input line 389.
\classnum@=\count305
\DOTSCASE@=\count306
LaTeX Info: Redefining \ldots on input line 486.
LaTeX Info: Redefining \dots on input line 489.
LaTeX Info: Redefining \cdots on input line 610.
\Mathstrutbox@=\box72
\strutbox@=\box73
\big@size=\dimen268
LaTeX Font Info:    Redeclaring font encoding OML on input line 733.
LaTeX Font Info:    Redeclaring font encoding OMS on input line 734.
\macc@depth=\count307
\c@MaxMatrixCols=\count308
\dotsspace@=\muskip17
\c@parentequation=\count309
\dspbrk@lvl=\count310
\tag@help=\toks34
\row@=\count311
\column@=\count312
\maxfields@=\count313
\andhelp@=\toks35
\eqnshift@=\dimen269
\alignsep@=\dimen270
\tagshift@=\dimen271
\tagwidth@=\dimen272
\totwidth@=\dimen273
\lineht@=\dimen274
\@envbody=\toks36
\multlinegap=\skip58
\multlinetaggap=\skip59
\mathdisplay@stack=\toks37
LaTeX Info: Redefining \[ on input line 2859.
LaTeX Info: Redefining \] on input line 2860.
)
("C:\Users\Graham West\AppData\Local\Programs\MiKTeX\tex/latex/amscls\amsthm.st
y"
Package: amsthm 2020/05/29 v2.20.6
\thm@style=\toks38
\thm@bodyfont=\toks39
\thm@headfont=\toks40
\thm@notefont=\toks41
\thm@headpunct=\toks42
\thm@preskip=\skip60
\thm@postskip=\skip61
\thm@headsep=\skip62
\dth@everypar=\toks43
)
\c@theorem=\count314
)
("C:\Users\Graham West\AppData\Local\Programs\MiKTeX\tex/latex/beamer\beamerbas
ethemes.sty"))
("C:\Users\Graham West\AppData\Local\Programs\MiKTeX\tex/latex/beamer\beamerthe
medefault.sty"
("C:\Users\Graham West\AppData\Local\Programs\MiKTeX\tex/latex/beamer\beamerfon
tthemedefault.sty")
("C:\Users\Graham West\AppData\Local\Programs\MiKTeX\tex/latex/beamer\beamercol
orthemedefault.sty")
("C:\Users\Graham West\AppData\Local\Programs\MiKTeX\tex/latex/beamer\beamerinn
erthemedefault.sty"
\beamer@dima=\dimen275
\beamer@dimb=\dimen276
)
("C:\Users\Graham West\AppData\Local\Programs\MiKTeX\tex/latex/beamer\beamerout
erthemedefault.sty")))
("C:\Users\Graham West\AppData\Local\Programs\MiKTeX\tex/latex/base\inputenc.st
y"
Package: inputenc 2018/08/11 v1.3c Input encoding file
\inpenc@prehook=\toks44
\inpenc@posthook=\toks45
)
("C:\Users\Graham West\AppData\Local\Programs\MiKTeX\tex/generic/babel\babel.st
y"
Package: babel 2020/06/10 3.45 The Babel package

("C:\Users\Graham West\AppData\Local\Programs\MiKTeX\tex/generic/babel\babel.de
f"
File: babel.def 2020/06/10 3.45 Babel common definitions
\babel@savecnt=\count315
\U@D=\dimen277
\l@babelnohyphens=\language79

("C:\Users\Graham West\AppData\Local\Programs\MiKTeX\tex/generic/babel\txtbabel
.def")
\bbl@readstream=\read3
)
LaTeX Info: Redefining \textlatin on input line 674.
\bbl@dirlevel=\count316

*************************************
* Local config file bblopts.cfg used
*

("C:\Users\Graham West\AppData\Local\Programs\MiKTeX\tex/latex/arabi\bblopts.cf
g"
File: bblopts.cfg 2005/09/08 v0.1 add Arabic and Farsi to "declared" options of
 babel
)
("C:\Users\Graham West\AppData\Local\Programs\MiKTeX\tex/latex/babel-english\en
glish.ldf"
Language: english 2017/06/06 v3.3r English support from the babel system
Package babel Info: \l@canadian = using hyphenrules for english
(babel)             (\language0) on input line 102.
Package babel Info: \l@australian = using hyphenrules for ukenglish
(babel)             (\language73) on input line 105.
Package babel Info: \l@newzealand = using hyphenrules for ukenglish
(babel)             (\language73) on input line 108.
))
("C:\Users\Graham West\AppData\Local\Programs\MiKTeX\tex/latex/textpos\textpos.
sty"
Package: textpos 2020/09/26 v1.10

Package: textpos 2020/09/26 1.10, absolute positioning of text on the page
Package textpos Info: choosing support for LaTeX2e on input line 61.
\TP@textbox=\box74
\TPHorizModule=\dimen278
\TPVertModule=\dimen279
\TP@margin=\dimen280
\TP@absmargin=\dimen281
Grid set 16 x 16 = 22.7622pt x 17.07166pt
\TPboxrulesize=\dimen282
\TP@tbargs=\toks46
)
("C:\Users\Graham West\AppData\Local\Programs\MiKTeX\tex/latex/base\textcomp.st
y"
Package: textcomp 2020/02/02 v2.0n Standard LaTeX package
)
("C:\Users\Graham West\AppData\Local\Programs\MiKTeX\tex/latex/animate\animate.
sty"
Package: animate 2020/10/07 PDF & SVG animations from files and inline graphics


("C:\Users\Graham West\AppData\Local\Programs\MiKTeX\tex/latex/xkeyval\xkeyval.
sty"
Package: xkeyval 2014/12/03 v2.7a package option processing (HA)

("C:\Users\Graham West\AppData\Local\Programs\MiKTeX\tex/generic/xkeyval\xkeyva
l.tex"
("C:\Users\Graham West\AppData\Local\Programs\MiKTeX\tex/generic/xkeyval\xkvuti
ls.tex"
\XKV@toks=\toks47
\XKV@tempa@toks=\toks48
)
\XKV@depth=\count317
File: xkeyval.tex 2014/12/03 v2.7a key=value parser (HA)
))
("C:\Users\Graham West\AppData\Local\Programs\MiKTeX\tex/latex/base\ifthen.sty"
Package: ifthen 2014/09/29 v1.1c Standard LaTeX ifthen package (DPC)
)
("C:\Users\Graham West\AppData\Local\Programs\MiKTeX\tex/latex/oberdiek\ifdraft
.sty"
Package: ifdraft 2016/05/16 v1.4 Detect class options draft and final (HO)
)
("C:\Users\Graham West\AppData\Local\Programs\MiKTeX\tex/latex/tools\calc.sty"
Package: calc 2017/05/25 v4.3 Infix arithmetic (KKT,FJ)
\calc@Acount=\count318
\calc@Bcount=\count319
\calc@Adimen=\dimen283
\calc@Bdimen=\dimen284
\calc@Askip=\skip63
\calc@Bskip=\skip64
LaTeX Info: Redefining \setlength on input line 80.
LaTeX Info: Redefining \addtolength on input line 81.
\calc@Ccount=\count320
\calc@Cskip=\skip65
)
("C:\Users\Graham West\AppData\Local\Programs\MiKTeX\tex/latex/zref\zref-abspag
e.sty"
Package: zref-abspage 2020-07-03 v2.32 Module abspage for zref (HO)

("C:\Users\Graham West\AppData\Local\Programs\MiKTeX\tex/latex/zref\zref-base.s
ty"
Package: zref-base 2020-07-03 v2.32 Module base for zref (HO)
Package zref Info: New property list: main on input line 764.
Package zref Info: New property: default on input line 765.
Package zref Info: New property: page on input line 766.
)
\c@abspage=\count321
Package zref Info: New property: abspage on input line 66.
)
("C:\Users\Graham West\AppData\Local\Programs\MiKTeX\tex/latex/media9\pdfbase.s
ty"
("C:\Users\Graham West\AppData\Local\Programs\MiKTeX\tex/latex/l3packages/l3key
s2e\l3keys2e.sty"
Package: l3keys2e 2020-05-15 LaTeX2e option processing using LaTeX3 keys
)
Package: pdfbase 2020/09/10 v0.44 driver independent access to low-level PDF fe
atures
\g_pbs_page_int=\count322
\g_pbs_oc_int=\count323
)
("C:\Users\Graham West\AppData\Local\Programs\MiKTeX\tex/latex/ocgx2\ocgbase.st
y"
Package: ocgbase 2019/11/04 v0.17 support package for ocgx2.sty
\g_ocgbase_nd_int=\count324
)
\@anim@box=\box75
\@anim@measbox=\box76
\@anim@tmpdima=\dimen285
\@anim@tmpdimb=\dimen286
\@anim@num=\count325
\@anim@curframe=\count326
\@anim@curframe@zb=\count327
\@anim@resizeflags=\count328
\@anim@skipfram=\count329
\@anim@mulframecnt=\count330
\@anim@@tmlnfile=\read4
\@anim@tmpcnt=\count331
\c@@anim@ltxcnt=\count332
\@anim@curlayer=\count333
\@anim@lineno=\count334
\@anim@curfield=\count335
\@anim@@resizeflags=\count336
)
("C:\Users\Graham West\AppData\Local\Programs\MiKTeX\tex/latex/comment\comment.
sty"
\CommentStream=\write5
 Excluding comment 'comment')
("C:\Users\Graham West\AppData\Local\Programs\MiKTeX\tex/latex/tools\verbatim.s
ty"
Package: verbatim 2019/11/10 v1.5r LaTeX2e package for verbatim enhancements
\every@verbatim=\toks49
\verbatim@line=\toks50
\verbatim@in@stream=\read5
)
("C:\Users\Graham West\AppData\Local\Programs\MiKTeX\tex/latex/varwidth\varwidt
h.sty"
Package: varwidth 2009/03/30 ver 0.92;  Variable-width minipages
\@vwid@box=\box77
\sift@deathcycles=\count337
\@vwid@loff=\dimen287
\@vwid@roff=\dimen288
)
("C:\Users\Graham West\AppData\Local\Programs\MiKTeX\tex/latex/caption\caption.
sty"
Package: caption 2020/09/12 v3.5b Customizing captions (AR)

("C:\Users\Graham West\AppData\Local\Programs\MiKTeX\tex/latex/caption\caption3
.sty"
Package: caption3 2020/09/17 v2.1b caption3 kernel (AR)
\captionmargin=\dimen289
\captionmargin@=\dimen290
\captionwidth=\dimen291
\caption@tempdima=\dimen292
\caption@indent=\dimen293
\caption@parindent=\dimen294
\caption@hangindent=\dimen295
Package caption Info: beamer document class detected.

("C:\Users\Graham West\AppData\Local\Programs\MiKTeX\tex/latex/caption\caption-
beamer.sto"
File: caption-beamer.sto 2020/08/22 v2.0 Adaption of the caption package to the
 beamer document classes (AR)
))
\c@caption@flags=\count338
\c@continuedfloat=\count339
Package caption Info: hyperref package is loaded.
Package caption Info: Hyperref support is turned off
(caption)             because hyperref has stopped early.
)
("C:\Users\Graham West\AppData\Local\Programs\MiKTeX\tex/latex/tools\dcolumn.st
y"
Package: dcolumn 2014/10/28 v1.06 decimal alignment package (DPC)

("C:\Users\Graham West\AppData\Local\Programs\MiKTeX\tex/latex/tools\array.sty"
Package: array 2019/08/31 v2.4l Tabular extension package (FMi)
\col@sep=\dimen296
\ar@mcellbox=\box78
\extrarowheight=\dimen297
\NC@list=\toks51
\extratabsurround=\skip66
\backup@length=\skip67
\ar@cellbox=\box79
))
("C:\Users\Graham West\AppData\Local\Programs\MiKTeX\tex/latex/algorithms\algor
ithm.sty"
Package: algorithm 2009/08/24 v0.1 Document Style `algorithm' - floating enviro
nment

("C:\Users\Graham West\AppData\Local\Programs\MiKTeX\tex/latex/float\float.sty"
Package: float 2001/11/08 v1.3d Float enhancements (AL)
\c@float@type=\count340
\float@exts=\toks52
\float@box=\box80
\@float@everytoks=\toks53
\@floatcapt=\box81
)
\@float@every@algorithm=\toks54
\c@algorithm=\count341
)
("C:\Users\Graham West\AppData\Local\Programs\MiKTeX\tex/latex/algorithms\algor
ithmic.sty"
Package: algorithmic 2009/08/24 v0.1 Document Style `algorithmic'
\c@ALC@unique=\count342
\c@ALC@line=\count343
\c@ALC@rem=\count344
\c@ALC@depth=\count345
\ALC@tlm=\skip68
\algorithmicindent=\skip69
)
("C:\Users\Graham West\AppData\Local\Programs\MiKTeX\tex/latex/scalerel\scalere
l.sty"
Package: scalerel 2016/12/29 v1.8 Routines for constrained scaling and stretchi
ng of objects, relative to a reference object or in absolute terms
\thesrwidth=\skip70
\thesrheight=\skip71
\srblobheight=\skip72
\srblobdepth=\skip73
\mnxsrwidth=\skip74
\LMex=\skip75
\LMpt=\skip76
)
("C:\Users\Graham West\AppData\Local\Programs\MiKTeX\tex/latex/stackengine\stac
kengine.sty"
Package: stackengine 2017/02/13 v4.01\ Stacking text and objects in convenient 
ways

("C:\Users\Graham West\AppData\Local\Programs\MiKTeX\tex/latex/listofitems\list
ofitems.sty"
("C:\Users\Graham West\AppData\Local\Programs\MiKTeX\tex/generic/listofitems\li
stofitems.tex"
\loi_cnt_foreach_nest=\count346
\loi_nestcnt=\count347
)
Package: listofitems 2019/08/21 v1.63 Grab items in lists using user-specified 
sep char (CT)
)
\c@@stackindex=\count348
\@boxshift=\skip77
\stack@tmplength=\skip78
\temp@stkl=\skip79
\@stackedboxwidth=\skip80
\@addedbox=\box82
\@anchorbox=\box83
\stackedbox=\box84
\@centerbox=\box85
\c@ROWcellindex@=\count349
)
("C:\Users\Graham West\AppData\Local\Programs\MiKTeX\tex/latex/enumitem\enumite
m.sty"
Package: enumitem 2019/06/20 v3.9 Customized lists
\labelindent=\skip81
\enit@outerparindent=\dimen298
\enit@toks=\toks55
\enit@inbox=\box86
\enit@count@id=\count350
\enitdp@description=\count351
)
("C:\Users\Graham West\AppData\Local\Programs\MiKTeX\tex/latex/pgf/frontendlaye
r\tikz.sty"
("C:\Users\Graham West\AppData\Local\Programs\MiKTeX\tex/latex/pgf/basiclayer\p
gf.sty"
Package: pgf 2020/01/08 v3.1.5b (3.1.5b)

("C:\Users\Graham West\AppData\Local\Programs\MiKTeX\tex/generic/pgf/modules\pg
fmoduleshapes.code.tex"
File: pgfmoduleshapes.code.tex 2020/01/08 v3.1.5b (3.1.5b)
\pgfnodeparttextbox=\box87
)
("C:\Users\Graham West\AppData\Local\Programs\MiKTeX\tex/generic/pgf/modules\pg
fmoduleplot.code.tex"
File: pgfmoduleplot.code.tex 2020/01/08 v3.1.5b (3.1.5b)
)
("C:\Users\Graham West\AppData\Local\Programs\MiKTeX\tex/latex/pgf/compatibilit
y\pgfcomp-version-0-65.sty"
Package: pgfcomp-version-0-65 2020/01/08 v3.1.5b (3.1.5b)
\pgf@nodesepstart=\dimen299
\pgf@nodesepend=\dimen300
)
("C:\Users\Graham West\AppData\Local\Programs\MiKTeX\tex/latex/pgf/compatibilit
y\pgfcomp-version-1-18.sty"
Package: pgfcomp-version-1-18 2020/01/08 v3.1.5b (3.1.5b)
))
("C:\Users\Graham West\AppData\Local\Programs\MiKTeX\tex/latex/pgf/utilities\pg
ffor.sty"
("C:\Users\Graham West\AppData\Local\Programs\MiKTeX\tex/latex/pgf/utilities\pg
fkeys.sty"
("C:\Users\Graham West\AppData\Local\Programs\MiKTeX\tex/generic/pgf/utilities\
pgfkeys.code.tex"))
("C:\Users\Graham West\AppData\Local\Programs\MiKTeX\tex/latex/pgf/math\pgfmath
.sty"
("C:\Users\Graham West\AppData\Local\Programs\MiKTeX\tex/generic/pgf/math\pgfma
th.code.tex"))
("C:\Users\Graham West\AppData\Local\Programs\MiKTeX\tex/generic/pgf/utilities\
pgffor.code.tex"
Package: pgffor 2020/01/08 v3.1.5b (3.1.5b)

("C:\Users\Graham West\AppData\Local\Programs\MiKTeX\tex/generic/pgf/math\pgfma
th.code.tex")
\pgffor@iter=\dimen301
\pgffor@skip=\dimen302
\pgffor@stack=\toks56
\pgffor@toks=\toks57
))
("C:\Users\Graham West\AppData\Local\Programs\MiKTeX\tex/generic/pgf/frontendla
yer/tikz\tikz.code.tex"
Package: tikz 2020/01/08 v3.1.5b (3.1.5b)

("C:\Users\Graham West\AppData\Local\Programs\MiKTeX\tex/generic/pgf/libraries\
pgflibraryplothandlers.code.tex"
File: pgflibraryplothandlers.code.tex 2020/01/08 v3.1.5b (3.1.5b)
\pgf@plot@mark@count=\count352
\pgfplotmarksize=\dimen303
)
\tikz@lastx=\dimen304
\tikz@lasty=\dimen305
\tikz@lastxsaved=\dimen306
\tikz@lastysaved=\dimen307
\tikz@lastmovetox=\dimen308
\tikz@lastmovetoy=\dimen309
\tikzleveldistance=\dimen310
\tikzsiblingdistance=\dimen311
\tikz@figbox=\box88
\tikz@figbox@bg=\box89
\tikz@tempbox=\box90
\tikz@tempbox@bg=\box91
\tikztreelevel=\count353
\tikznumberofchildren=\count354
\tikznumberofcurrentchild=\count355
\tikz@fig@count=\count356

("C:\Users\Graham West\AppData\Local\Programs\MiKTeX\tex/generic/pgf/modules\pg
fmodulematrix.code.tex"
File: pgfmodulematrix.code.tex 2020/01/08 v3.1.5b (3.1.5b)
\pgfmatrixcurrentrow=\count357
\pgfmatrixcurrentcolumn=\count358
\pgf@matrix@numberofcolumns=\count359
)
\tikz@expandcount=\count360

("C:\Users\Graham West\AppData\Local\Programs\MiKTeX\tex/generic/pgf/frontendla
yer/tikz/libraries\tikzlibrarytopaths.code.tex"
File: tikzlibrarytopaths.code.tex 2020/01/08 v3.1.5b (3.1.5b)
)))
("C:\Users\Graham West\AppData\Local\Programs\MiKTeX\tex/latex/pgfplots\pgfplot
s.sty"
("C:\Users\Graham West\AppData\Local\Programs\MiKTeX\tex/generic/pgfplots\pgfpl
ots.revision.tex")
Package: pgfplots 2020/02/29 v1.17 Data Visualization (1.17)

("C:\Users\Graham West\AppData\Local\Programs\MiKTeX\tex/generic/pgfplots\pgfpl
ots.code.tex"
("C:\Users\Graham West\AppData\Local\Programs\MiKTeX\tex/generic/pgfplots\pgfpl
otscore.code.tex"
\t@pgfplots@toka=\toks58
\t@pgfplots@tokb=\toks59
\t@pgfplots@tokc=\toks60
\pgfplots@tmpa=\dimen312
\c@pgfplots@coordindex=\count361
\c@pgfplots@scanlineindex=\count362

("C:\Users\Graham West\AppData\Local\Programs\MiKTeX\tex/generic/pgfplots/sys\p
gfplotssysgeneric.code.tex"))
("C:\Users\Graham West\AppData\Local\Programs\MiKTeX\tex/generic/pgfplots/libs\
pgfplotslibrary.code.tex")
("C:\Users\Graham West\AppData\Local\Programs\MiKTeX\tex/generic/pgfplots/oldpg
fcompatib\pgfplotsoldpgfsupp_loader.code.tex"
("C:\Users\Graham West\AppData\Local\Programs\MiKTeX\tex/generic/pgf/libraries\
pgflibraryfpu.code.tex"))
("C:\Users\Graham West\AppData\Local\Programs\MiKTeX\tex/generic/pgfplots/util\
pgfplotsutil.code.tex"
("C:\Users\Graham West\AppData\Local\Programs\MiKTeX\tex/generic/pgfplots/lists
tructure\pgfplotsliststructure.code.tex")
("C:\Users\Graham West\AppData\Local\Programs\MiKTeX\tex/generic/pgfplots/lists
tructure\pgfplotsliststructureext.code.tex")
("C:\Users\Graham West\AppData\Local\Programs\MiKTeX\tex/generic/pgfplots/lists
tructure\pgfplotsarray.code.tex"
\c@pgfplotsarray@tmp=\count363
)
("C:\Users\Graham West\AppData\Local\Programs\MiKTeX\tex/generic/pgfplots/lists
tructure\pgfplotsmatrix.code.tex")
("C:\Users\Graham West\AppData\Local\Programs\MiKTeX\tex/generic/pgfplots/numta
ble\pgfplotstableshared.code.tex"
\c@pgfplotstable@counta=\count364
\t@pgfplotstable@a=\toks61
)
("C:\Users\Graham West\AppData\Local\Programs\MiKTeX\tex/generic/pgfplots/lists
tructure\pgfplotsdeque.code.tex")
("C:\Users\Graham West\AppData\Local\Programs\MiKTeX\tex/generic/pgfplots/util\
pgfplotsbinary.code.tex"
("C:\Users\Graham West\AppData\Local\Programs\MiKTeX\tex/generic/pgfplots/util\
pgfplotsbinary.data.code.tex"))
("C:\Users\Graham West\AppData\Local\Programs\MiKTeX\tex/generic/pgfplots/util\
pgfplotsutil.verb.code.tex")
("C:\Users\Graham West\AppData\Local\Programs\MiKTeX\tex/generic/pgfplots/libs\
pgflibrarypgfplots.surfshading.code.tex"
\c@pgfplotslibrarysurf@no=\count365

("C:\Users\Graham West\AppData\Local\Programs\MiKTeX\tex/generic/pgfplots/sys\p
gflibrarypgfplots.surfshading.pgfsys-pdftex.def")))
("C:\Users\Graham West\AppData\Local\Programs\MiKTeX\tex/generic/pgfplots/util\
pgfplotscolormap.code.tex"
("C:\Users\Graham West\AppData\Local\Programs\MiKTeX\tex/generic/pgfplots/util\
pgfplotscolor.code.tex"))
("C:\Users\Graham West\AppData\Local\Programs\MiKTeX\tex/generic/pgfplots\pgfpl
otsstackedplots.code.tex")
("C:\Users\Graham West\AppData\Local\Programs\MiKTeX\tex/generic/pgfplots\pgfpl
otsplothandlers.code.tex"
("C:\Users\Graham West\AppData\Local\Programs\MiKTeX\tex/generic/pgfplots\pgfpl
otsmeshplothandler.code.tex"
("C:\Users\Graham West\AppData\Local\Programs\MiKTeX\tex/generic/pgfplots\pgfpl
otsmeshplotimage.code.tex")))
("C:\Users\Graham West\AppData\Local\Programs\MiKTeX\tex/generic/pgfplots\pgfpl
ots.scaling.code.tex")
("C:\Users\Graham West\AppData\Local\Programs\MiKTeX\tex/generic/pgfplots\pgfpl
otscoordprocessing.code.tex")
("C:\Users\Graham West\AppData\Local\Programs\MiKTeX\tex/generic/pgfplots\pgfpl
ots.errorbars.code.tex")
("C:\Users\Graham West\AppData\Local\Programs\MiKTeX\tex/generic/pgfplots\pgfpl
ots.markers.code.tex")
("C:\Users\Graham West\AppData\Local\Programs\MiKTeX\tex/generic/pgfplots\pgfpl
otsticks.code.tex")
("C:\Users\Graham West\AppData\Local\Programs\MiKTeX\tex/generic/pgfplots\pgfpl
ots.paths.code.tex")
("C:\Users\Graham West\AppData\Local\Programs\MiKTeX\tex/generic/pgf/frontendla
yer/tikz/libraries\tikzlibrarydecorations.code.tex"
("C:\Users\Graham West\AppData\Local\Programs\MiKTeX\tex/generic/pgf/modules\pg
fmoduledecorations.code.tex"
\pgfdecoratedcompleteddistance=\dimen313
\pgfdecoratedremainingdistance=\dimen314
\pgfdecoratedinputsegmentcompleteddistance=\dimen315
\pgfdecoratedinputsegmentremainingdistance=\dimen316
\pgf@decorate@distancetomove=\dimen317
\pgf@decorate@repeatstate=\count366
\pgfdecorationsegmentamplitude=\dimen318
\pgfdecorationsegmentlength=\dimen319
)
\tikz@lib@dec@box=\box92
)
("C:\Users\Graham West\AppData\Local\Programs\MiKTeX\tex/generic/pgf/frontendla
yer/tikz/libraries\tikzlibrarydecorations.pathmorphing.code.tex"
("C:\Users\Graham West\AppData\Local\Programs\MiKTeX\tex/generic/pgf/libraries/
decorations\pgflibrarydecorations.pathmorphing.code.tex"))
("C:\Users\Graham West\AppData\Local\Programs\MiKTeX\tex/generic/pgf/frontendla
yer/tikz/libraries\tikzlibrarydecorations.pathreplacing.code.tex"
("C:\Users\Graham West\AppData\Local\Programs\MiKTeX\tex/generic/pgf/libraries/
decorations\pgflibrarydecorations.pathreplacing.code.tex"))
\pgfplots@numplots=\count367
\pgfplots@xmin@reg=\dimen320
\pgfplots@xmax@reg=\dimen321
\pgfplots@ymin@reg=\dimen322
\pgfplots@ymax@reg=\dimen323
\pgfplots@zmin@reg=\dimen324
\pgfplots@zmax@reg=\dimen325
)
("C:\Users\Graham West\AppData\Local\Programs\MiKTeX\tex/generic/pgf/frontendla
yer/tikz/libraries\tikzlibraryplotmarks.code.tex"
File: tikzlibraryplotmarks.code.tex 2020/01/08 v3.1.5b (3.1.5b)

("C:\Users\Graham West\AppData\Local\Programs\MiKTeX\tex/generic/pgf/libraries\
pgflibraryplotmarks.code.tex"
File: pgflibraryplotmarks.code.tex 2020/01/08 v3.1.5b (3.1.5b)
)))
("C:\Users\Graham West\AppData\Local\Programs\MiKTeX\tex/latex/beamer\beamerfon
tthemeserif.sty")
("C:\Users\Graham West\AppData\Local\Programs\MiKTeX\tex/latex/beamer\beamerthe
meMadrid.sty"
("C:\Users\Graham West\AppData\Local\Programs\MiKTeX\tex/latex/beamer\beamercol
orthemewhale.sty")
("C:\Users\Graham West\AppData\Local\Programs\MiKTeX\tex/latex/beamer\beamercol
orthemeorchid.sty")
("C:\Users\Graham West\AppData\Local\Programs\MiKTeX\tex/latex/beamer\beamerinn
erthemerounded.sty")
("C:\Users\Graham West\AppData\Local\Programs\MiKTeX\tex/latex/beamer\beamerout
erthemeinfolines.sty")) ("Overview of ML.aux")
\openout1 = `"Overview of ML.aux"'.

LaTeX Font Info:    Checking defaults for OML/cmm/m/it on input line 53.
LaTeX Font Info:    ... okay on input line 53.
LaTeX Font Info:    Checking defaults for OMS/cmsy/m/n on input line 53.
LaTeX Font Info:    ... okay on input line 53.
LaTeX Font Info:    Checking defaults for OT1/cmr/m/n on input line 53.
LaTeX Font Info:    ... okay on input line 53.
LaTeX Font Info:    Checking defaults for T1/cmr/m/n on input line 53.
LaTeX Font Info:    ... okay on input line 53.
LaTeX Font Info:    Checking defaults for TS1/cmr/m/n on input line 53.
LaTeX Font Info:    ... okay on input line 53.
LaTeX Font Info:    Checking defaults for OMX/cmex/m/n on input line 53.
LaTeX Font Info:    ... okay on input line 53.
LaTeX Font Info:    Checking defaults for U/cmr/m/n on input line 53.
LaTeX Font Info:    ... okay on input line 53.
LaTeX Font Info:    Checking defaults for PD1/pdf/m/n on input line 53.
LaTeX Font Info:    ... okay on input line 53.

*geometry* driver: auto-detecting
*geometry* detected driver: pdftex
*geometry* verbose mode - [ preamble ] result:
* driver: pdftex
* paper: custom
* layout: <same size as paper>
* layoutoffset:(h,v)=(0.0pt,0.0pt)
* modes: includehead includefoot 
* h-part:(L,W,R)=(10.95003pt, 342.2953pt, 10.95003pt)
* v-part:(T,H,B)=(0.0pt, 273.14662pt, 0.0pt)
* \paperwidth=364.19536pt
* \paperheight=273.14662pt
* \textwidth=342.2953pt
* \textheight=244.6939pt
* \oddsidemargin=-61.31996pt
* \evensidemargin=-61.31996pt
* \topmargin=-72.26999pt
* \headheight=14.22636pt
* \headsep=0.0pt
* \topskip=11.0pt
* \footskip=14.22636pt
* \marginparwidth=4.0pt
* \marginparsep=10.0pt
* \columnsep=10.0pt
* \skip\footins=10.0pt plus 4.0pt minus 2.0pt
* \hoffset=0.0pt
* \voffset=0.0pt
* \mag=1000
* \@twocolumnfalse
* \@twosidefalse
* \@mparswitchfalse
* \@reversemarginfalse
* (1in=72.27pt=25.4mm, 1cm=28.453pt)


("C:\Users\Graham West\AppData\Local\Programs\MiKTeX\tex/context/base/mkii\supp
-pdf.mkii"
[Loading MPS to PDF converter (version 2006.09.02).]
\scratchcounter=\count368
\scratchdimen=\dimen326
\scratchbox=\box93
\nofMPsegments=\count369
\nofMParguments=\count370
\everyMPshowfont=\toks62
\MPscratchCnt=\count371
\MPscratchDim=\dimen327
\MPnumerator=\count372
\makeMPintoPDFobject=\count373
\everyMPtoPDFconversion=\toks63
)
("C:\Users\Graham West\AppData\Local\Programs\MiKTeX\tex/latex/epstopdf-pkg\eps
topdf-base.sty"
Package: epstopdf-base 2020-01-24 v2.11 Base part for package epstopdf
Package epstopdf-base Info: Redefining graphics rule for `.eps' on input line 4
85.
) ABD: EveryShipout initializing macros
\AtBeginShipoutBox=\box94
Package hyperref Info: Link coloring OFF on input line 53.

("C:\Users\Graham West\AppData\Local\Programs\MiKTeX\tex/latex/hyperref\nameref
.sty"
Package: nameref 2019/09/16 v2.46 Cross-referencing by name of section

("C:\Users\Graham West\AppData\Local\Programs\MiKTeX\tex/latex/refcount\refcoun
t.sty"
Package: refcount 2019/12/15 v3.6 Data extraction from label references (HO)
)
("C:\Users\Graham West\AppData\Local\Programs\MiKTeX\tex/generic/gettitlestring
\gettitlestring.sty"
Package: gettitlestring 2019/12/15 v1.6 Cleanup title references (HO)
)
\c@section@level=\count374
)
LaTeX Info: Redefining \ref on input line 53.
LaTeX Info: Redefining \pageref on input line 53.
LaTeX Info: Redefining \nameref on input line 53.
 ("Overview of ML.out") ("Overview of ML.out")
\@outlinefile=\write6
\openout6 = `"Overview of ML.out"'.


("C:\Users\Graham West\AppData\Local\Programs\MiKTeX\tex/latex/translator\trans
lator-basic-dictionary-English.dict"
Dictionary: translator-basic-dictionary, Language: English 
)
("C:\Users\Graham West\AppData\Local\Programs\MiKTeX\tex/latex/translator\trans
lator-bibliography-dictionary-English.dict"
Dictionary: translator-bibliography-dictionary, Language: English 
)
("C:\Users\Graham West\AppData\Local\Programs\MiKTeX\tex/latex/translator\trans
lator-environment-dictionary-English.dict"
Dictionary: translator-environment-dictionary, Language: English 
)
("C:\Users\Graham West\AppData\Local\Programs\MiKTeX\tex/latex/translator\trans
lator-months-dictionary-English.dict"
Dictionary: translator-months-dictionary, Language: English 
)
("C:\Users\Graham West\AppData\Local\Programs\MiKTeX\tex/latex/translator\trans
lator-numbers-dictionary-English.dict"
Dictionary: translator-numbers-dictionary, Language: English 
)
("C:\Users\Graham West\AppData\Local\Programs\MiKTeX\tex/latex/translator\trans
lator-theorem-dictionary-English.dict"
Dictionary: translator-theorem-dictionary, Language: English 
)
Package caption Info: Begin \AtBeginDocument code.
Package caption Info: float package is loaded.
Package caption Info: End \AtBeginDocument code.


Package pgfplots Warning: running in backwards compatibility mode (unsuitable t
ick labels; missing features). Consider writing \pgfplotsset{compat=1.17} into 
your preamble.
 on input line 53.

("Overview of ML.nav")
Overfull \hbox (26.38641pt too wide) in paragraph at lines 53--53
 [][][][]  
 []


Overfull \hbox (26.38641pt too wide) has occurred while \output is active
 [][][][]  
 []

[1

{C:/Users/Graham West/AppData/Local/MiKTeX/pdftex/config/pdftex.map}]
LaTeX Font Info:    Trying to load font information for TS1+cmss on input line 
86.

("C:\Users\Graham West\AppData\Local\Programs\MiKTeX\tex/latex/base\ts1cmss.fd"
File: ts1cmss.fd 2019/12/16 v2.5j Standard LaTeX font definitions
)
LaTeX Font Info:    Trying to load font information for U+msa on input line 86.


("C:\Users\Graham West\AppData\Local\Programs\MiKTeX\tex/latex/amsfonts\umsa.fd
"
File: umsa.fd 2013/01/14 v3.01 AMS symbols A
)
LaTeX Font Info:    Trying to load font information for U+msb on input line 86.


("C:\Users\Graham West\AppData\Local\Programs\MiKTeX\tex/latex/amsfonts\umsb.fd
"
File: umsb.fd 2013/01/14 v3.01 AMS symbols B
)
Overfull \hbox (26.38641pt too wide) has occurred while \output is active
 [][][][]  
 []

[2

]
Overfull \hbox (26.38641pt too wide) has occurred while \output is active
 [][][][]  
 []

[3

]
Overfull \hbox (26.38641pt too wide) has occurred while \output is active
 [][][][]  
 []

[4

]
Overfull \hbox (26.38641pt too wide) has occurred while \output is active
 [][][][]  
 []

[5

]
Overfull \hbox (26.38641pt too wide) has occurred while \output is active
 [][][][]  
 []

[6

]
Overfull \hbox (26.38641pt too wide) has occurred while \output is active
 [][][][]  
 []

[7

]
Overfull \hbox (26.38641pt too wide) has occurred while \output is active
 [][][][]  
 []

[8

]
\tf@nav=\write7
\openout7 = `"Overview of ML.nav"'.

\tf@toc=\write8
\openout8 = `"Overview of ML.toc"'.

\tf@snm=\write9
\openout9 = `"Overview of ML.snm"'.

Package atveryend Info: Empty hook `BeforeClearDocument' on input line 224.
Package atveryend Info: Empty hook `AfterLastShipout' on input line 224.
 ("Overview of ML.aux")
Package atveryend Info: Executing hook `AtVeryEndDocument' on input line 224.
Package atveryend Info: Executing hook `AtEndAfterFileList' on input line 224.
Package rerunfilecheck Info: File `"Overview of ML".out' has not changed.
(rerunfilecheck)             Checksum: D41D8CD98F00B204E9800998ECF8427E;0.
 ) 
Here is how much of TeX's memory you used:
 35737 strings out of 480790
 852874 string characters out of 2894452
 1286905 words of memory out of 3000000
 50953 multiletter control sequences out of 15000+200000
 541034 words of font info for 56 fonts, out of 3000000 for 9000
 1141 hyphenation exceptions out of 8191
 81i,15n,107p,785b,651s stack positions out of 5000i,500n,10000p,200000b,50000s
 <C:\Users\Graham West\AppData\Local\MiKTeX\fonts/pk/ljfour/jknappen/ec/dpi60
0\tcss1095.pk> <C:\Users\Graham West\AppData\Local\MiKTeX\fonts/pk/ljfour/jknap
pen/ec/dpi600\tcss0900.pk><C:/Users/Graham West/AppData/Local/Programs/MiKTeX/f
onts/type1/public/amsfonts/cm/cmmi6.pfb><C:/Users/Graham West/AppData/Local/Pro
grams/MiKTeX/fonts/type1/public/amsfonts/cm/cmmi8.pfb><C:/Users/Graham West/App
Data/Local/Programs/MiKTeX/fonts/type1/public/amsfonts/cm/cmmi9.pfb><C:/Users/G
raham West/AppData/Local/Programs/MiKTeX/fonts/type1/public/amsfonts/cm/cmr8.pf
b><C:/Users/Graham West/AppData/Local/Programs/MiKTeX/fonts/type1/public/amsfon
ts/cm/cmr9.pfb><C:/Users/Graham West/AppData/Local/Programs/MiKTeX/fonts/type1/
public/amsfonts/cm/cmss10.pfb><C:/Users/Graham West/AppData/Local/Programs/MiKT
eX/fonts/type1/public/amsfonts/cm/cmss12.pfb><C:/Users/Graham West/AppData/Loca
l/Programs/MiKTeX/fonts/type1/public/amsfonts/cm/cmss8.pfb><C:/Users/Graham Wes
t/AppData/Local/Programs/MiKTeX/fonts/type1/public/amsfonts/cm/cmss9.pfb><C:/Us
ers/Graham West/AppData/Local/Programs/MiKTeX/fonts/type1/public/amsfonts/cm/cm
ssbx10.pfb>
Output written on "Overview of ML.pdf" (8 pages, 163904 bytes).
PDF statistics:
 298 PDF objects out of 1000 (max. 8388607)
 17 named destinations out of 1000 (max. 500000)
 73 words of extra memory for PDF output out of 10000 (max. 10000000)

